// Jest Snapshot v1, https://goo.gl/fbAQLP

exports[`<Search /> should match snapshot 1`] = `
ShallowWrapper {
  Symbol(enzyme.__root__): [Circular],
  Symbol(enzyme.__unrendered__): <Search />,
  Symbol(enzyme.__renderer__): Object {
    "batchedUpdates": [Function],
    "checkPropTypes": [Function],
    "getNode": [Function],
    "render": [Function],
    "simulateError": [Function],
    "simulateEvent": [Function],
    "unmount": [Function],
  },
  Symbol(enzyme.__node__): Object {
    "instance": null,
    "key": undefined,
    "nodeType": "host",
    "props": Object {
      "children": Array [
        <div
          className="search__hero"
        >
          <div
            className="container"
          >
            <img
              alt="logo"
              className="search__hero__logo"
              src="logo.png"
            />
            <input
              className="search__hero__input"
              onChange={[Function]}
              onKeyPress={[Function]}
              placeholder="Search for events"
              value=""
            />
          </div>
        </div>,
        <div
          className="search__events"
        >
          <div
            className="search__events__grid container"
          />
        </div>,
      ],
      "className": "search",
    },
    "ref": null,
    "rendered": Array [
      Object {
        "instance": null,
        "key": undefined,
        "nodeType": "host",
        "props": Object {
          "children": <div
            className="container"
          >
            <img
              alt="logo"
              className="search__hero__logo"
              src="logo.png"
            />
            <input
              className="search__hero__input"
              onChange={[Function]}
              onKeyPress={[Function]}
              placeholder="Search for events"
              value=""
            />
          </div>,
          "className": "search__hero",
        },
        "ref": null,
        "rendered": Object {
          "instance": null,
          "key": undefined,
          "nodeType": "host",
          "props": Object {
            "children": Array [
              <img
                alt="logo"
                className="search__hero__logo"
                src="logo.png"
              />,
              <input
                className="search__hero__input"
                onChange={[Function]}
                onKeyPress={[Function]}
                placeholder="Search for events"
                value=""
              />,
            ],
            "className": "container",
          },
          "ref": null,
          "rendered": Array [
            Object {
              "instance": null,
              "key": undefined,
              "nodeType": "host",
              "props": Object {
                "alt": "logo",
                "className": "search__hero__logo",
                "src": "logo.png",
              },
              "ref": null,
              "rendered": null,
              "type": "img",
            },
            Object {
              "instance": null,
              "key": undefined,
              "nodeType": "host",
              "props": Object {
                "className": "search__hero__input",
                "onChange": [Function],
                "onKeyPress": [Function],
                "placeholder": "Search for events",
                "value": "",
              },
              "ref": null,
              "rendered": null,
              "type": "input",
            },
          ],
          "type": "div",
        },
        "type": "div",
      },
      Object {
        "instance": null,
        "key": undefined,
        "nodeType": "host",
        "props": Object {
          "children": <div
            className="search__events__grid container"
          />,
          "className": "search__events",
        },
        "ref": null,
        "rendered": Object {
          "instance": null,
          "key": undefined,
          "nodeType": "host",
          "props": Object {
            "children": Array [],
            "className": "search__events__grid container",
          },
          "ref": null,
          "rendered": Array [],
          "type": "div",
        },
        "type": "div",
      },
    ],
    "type": "div",
  },
  Symbol(enzyme.__nodes__): Array [
    Object {
      "instance": null,
      "key": undefined,
      "nodeType": "host",
      "props": Object {
        "children": Array [
          <div
            className="search__hero"
          >
            <div
              className="container"
            >
              <img
                alt="logo"
                className="search__hero__logo"
                src="logo.png"
              />
              <input
                className="search__hero__input"
                onChange={[Function]}
                onKeyPress={[Function]}
                placeholder="Search for events"
                value=""
              />
            </div>
          </div>,
          <div
            className="search__events"
          >
            <div
              className="search__events__grid container"
            />
          </div>,
        ],
        "className": "search",
      },
      "ref": null,
      "rendered": Array [
        Object {
          "instance": null,
          "key": undefined,
          "nodeType": "host",
          "props": Object {
            "children": <div
              className="container"
            >
              <img
                alt="logo"
                className="search__hero__logo"
                src="logo.png"
              />
              <input
                className="search__hero__input"
                onChange={[Function]}
                onKeyPress={[Function]}
                placeholder="Search for events"
                value=""
              />
            </div>,
            "className": "search__hero",
          },
          "ref": null,
          "rendered": Object {
            "instance": null,
            "key": undefined,
            "nodeType": "host",
            "props": Object {
              "children": Array [
                <img
                  alt="logo"
                  className="search__hero__logo"
                  src="logo.png"
                />,
                <input
                  className="search__hero__input"
                  onChange={[Function]}
                  onKeyPress={[Function]}
                  placeholder="Search for events"
                  value=""
                />,
              ],
              "className": "container",
            },
            "ref": null,
            "rendered": Array [
              Object {
                "instance": null,
                "key": undefined,
                "nodeType": "host",
                "props": Object {
                  "alt": "logo",
                  "className": "search__hero__logo",
                  "src": "logo.png",
                },
                "ref": null,
                "rendered": null,
                "type": "img",
              },
              Object {
                "instance": null,
                "key": undefined,
                "nodeType": "host",
                "props": Object {
                  "className": "search__hero__input",
                  "onChange": [Function],
                  "onKeyPress": [Function],
                  "placeholder": "Search for events",
                  "value": "",
                },
                "ref": null,
                "rendered": null,
                "type": "input",
              },
            ],
            "type": "div",
          },
          "type": "div",
        },
        Object {
          "instance": null,
          "key": undefined,
          "nodeType": "host",
          "props": Object {
            "children": <div
              className="search__events__grid container"
            />,
            "className": "search__events",
          },
          "ref": null,
          "rendered": Object {
            "instance": null,
            "key": undefined,
            "nodeType": "host",
            "props": Object {
              "children": Array [],
              "className": "search__events__grid container",
            },
            "ref": null,
            "rendered": Array [],
            "type": "div",
          },
          "type": "div",
        },
      ],
      "type": "div",
    },
  ],
  Symbol(enzyme.__options__): Object {
    "adapter": ReactSixteenAdapter {
      "options": Object {
        "enableComponentDidUpdateOnSetState": true,
        "legacyContextMode": "parent",
        "lifecycles": Object {
          "componentDidUpdate": Object {
            "onSetState": true,
          },
          "getChildContext": Object {
            "calledByRenderer": false,
          },
          "getDerivedStateFromError": true,
          "getDerivedStateFromProps": Object {
            "hasShouldComponentUpdateBug": false,
          },
          "getSnapshotBeforeUpdate": true,
          "setState": Object {
            "skipsComponentDidUpdateOnNullish": true,
          },
        },
      },
    },
  },
  Symbol(enzyme.__childContext__): null,
}
`;
